// Jest Snapshot v1, https://goo.gl/fbAQLP

exports[`Toolbar should render properly 1`] = `"<div class=\\"app__toolbar\\"><div class=\\"app__toolbar__search\\"><input type=\\"text\\" name=\\"search\\" value=\\"\\" placeholder=\\"Search logos\\"><span class=\\"input-icon\\"><i class=\\"i-search\\"></i></span></div><div class=\\"app__toolbar__views\\"><span>Sort by<a href=\\"#name\\" class=\\"active\\" data-value=\\"latest\\">latest</a>,<a href=\\"#name\\" class=\\"\\" data-value=\\"all\\">name</a></span><span>Filter by<a href=\\"#name\\" class=\\"\\" data-value=\\"favorites\\">favorites</a>,<a href=\\"#name\\" class=\\"\\" data-value=\\"vectorized\\">vectorized</a></span></div><ul class=\\"app__toolbar__menu\\"><li class=\\"app__toolbar__categories\\"><div tabindex=\\"-1\\" class=\\"rw-combobox rw-widget\\"><button tabindex=\\"-1\\" title=\\"open combobox\\" type=\\"button\\" aria-disabled=\\"false\\" aria-label=\\"open combobox\\" class=\\"rw-select rw-btn\\"><span aria-hidden=\\"true\\" class=\\"rw-i rw-i-caret-down\\"></span></button><input type=\\"text\\" id=\\"rw_1_input\\" role=\\"combobox\\" aria-owns=\\"rw_1_listbox\\" aria-busy=\\"false\\" aria-autocomplete=\\"inline\\" aria-expanded=\\"false\\" aria-haspopup=\\"true\\" tabindex=\\"0\\" autocomplete=\\"off\\" value=\\"Categories\\" class=\\"rw-input\\"></div></li><li class=\\"app__toolbar__tags\\"><a href=\\"#tags\\" class=\\"btn btn-white btn-icon\\"><i class=\\"i-tags\\"></i><span>Tags</span></a></li><li class=\\"app__toolbar__columns\\"><div class=\\"app__toolbar__switch\\"><a href=\\"#switch-down\\" class=\\"\\" data-column=\\"-1\\"><i class=\\"i-minus\\"></i></a><a href=\\"#switch-down\\" class=\\"\\" data-column=\\"1\\"><i class=\\"i-plus\\"></i></a></div></li></ul><div class=\\"app__toolbar__cloud\\"><div class=\\"app__toolbar__cloud__wrapper\\"></div></div></div>"`;
