// Jest Snapshot v1, https://goo.gl/fbAQLP

exports[`Footer should render properly 1`] = `"<footer class=\\"app__footer\\"><div class=\\"app__container\\"><div class=\\"app__footer__social\\"><a href=\\"https://twitter.com/intent/follow?screen_name=svgporn\\" target=\\"_blank\\"><i class=\\"i-twitter\\"></i></a><a href=\\"https://github.com/gilbarbara/logos\\" target=\\"_blank\\"><i class=\\"i-github\\"></i></a><a href=\\"https://www.facebook.com/svgporn\\" target=\\"_blank\\"><i class=\\"i-facebook\\"></i></a></div><div class=\\"app__footer__github\\"><iframe title=\\"star-count\\" src=\\"https://ghbtns.com/github-btn.html?user=gilbarbara&amp;repo=logos&amp;type=star&amp;count=true\\" frameborder=\\"0\\" scrolling=\\"0\\" width=\\"110px\\" height=\\"20px\\"></iframe><iframe title=\\"follow-count\\" src=\\"https://ghbtns.com/github-btn.html?user=gilbarbara&amp;type=follow&amp;count=true\\" frameborder=\\"0\\" scrolling=\\"0\\" width=\\"130px\\" height=\\"20px\\"></iframe></div></div></footer>"`;
