// Jest Snapshot v1, https://goo.gl/fbAQLP

exports[`Header should render properly 1`] = `"<header class=\\"app__header\\"><div class=\\"app__container\\"><a href=\\"/\\" class=\\"app__header__logo\\"><div class=\\"app__logo\\"><span class=\\"isvg failed app__logo__full\\"><img src=\\"\\" alt=\\"logos\\"></span></div></a><div class=\\"app__transition\\" style=\\"position: relative;\\"><div class=\\"transition-fade-appear transition-fade-appear-active\\"></div></div><div class=\\"app__header__social\\"><a href=\\"https://twitter.com/intent/follow?screen_name=svgporn\\" target=\\"_blank\\"><i class=\\"i-twitter\\"></i></a><a href=\\"https://www.facebook.com/svgporn\\" target=\\"_blank\\"><i class=\\"i-facebook\\"></i></a><a href=\\"https://github.com/gilbarbara/logos\\" target=\\"_blank\\"><i class=\\"i-github\\"></i></a></div></div></header>"`;
